// Jest Snapshot v1, https://goo.gl/fbAQLP

exports[`Gift renders properly 1`] = `
<div>
  <Form
    inline={false}
  >
    <FormGroup>
      <FormLabel
        column={false}
        srOnly={false}
      >
        Person
      </FormLabel>
      <FormControl
        className="input-person"
        onChange={[Function]}
      />
    </FormGroup>
  </Form>
</div>
`;
